[INFO] Fat-tree k=8 (non-standard, 6 pods) topology: forcing NUM_ROUTERS=64
==========================================
N-Router BGP Test with Docker
Routers: 64
Test Duration: 100s
KEEP_ENV: 0 (1=保留环境, 0=自动清理)
ENABLE_STRACE: 0 (1=开启strace, 0=关闭)
TOPOLOGY_MODE: fat-tree-k8-64 (ring/full-mesh/fat-tree-k6/fat-tree-k8-64)
GLOBAL_CPUSET: <none>
DESD_CPUSET: <none>
SKIP_ANALYZE: 0
ENABLE_NETEM_DELAY: 0
PRE_DISABLE_OTHER_UPLINKS: 0
==========================================
[INFO] kernel.core_pattern 已设置为 /tmp/core.%e.%p（core 会生成在宿主机 /tmp 下）
[INFO] Result Dir: results/des/fat-tree-k8-64_n64_20260403_161940

==========================================
 步骤1: 编译DES项目
==========================================
rm -rf build/*
rm -rf logs/*
rm -f /tmp/desd_control_socket /tmp/router_socket 2>/dev/null || true
✓ Cleaned build and logs
gcc -Wall -g -Isrc -mcmodel=medium src/desd.c src/common.c -o build/desd -lrt -lpthread -ljansson
src/desd.c:672:13: warning: ‘send_success_response_to_fd’ defined but not used [-Wunused-function]
  672 | static void send_success_response_to_fd(int fd, const char* request_id, const char* message) {
      |             ^~~~~~~~~~~~~~~~~~~~~~~~~~~
src/desd.c:496:20: warning: ‘find_any_blocked_thread’ defined but not used [-Wunused-function]
  496 | static ThreadInfo* find_any_blocked_thread(int router_id) {
      |                    ^~~~~~~~~~~~~~~~~~~~~~~
src/desd.c:483:20: warning: ‘find_blocked_thread’ defined but not used [-Wunused-function]
  483 | static ThreadInfo* find_blocked_thread(int router_id, const char *blocked_func) {
      |                    ^~~~~~~~~~~~~~~~~~~
src/desd.c:472:20: warning: ‘get_first_active_thread’ defined but not used [-Wunused-function]
  472 | static ThreadInfo* get_first_active_thread(int router_id) {
      |                    ^~~~~~~~~~~~~~~~~~~~~~~
src/desd.c:393:20: warning: ‘find_thread_by_socket’ defined but not used [-Wunused-function]
  393 | static ThreadInfo* find_thread_by_socket(int router_id, int comm_fd) {
      |                    ^~~~~~~~~~~~~~~~~~~~~
✓ Built desd
gcc -Wall -g -Isrc -shared -fPIC src/libdeshook.c src/common.c -o build/libdeshook.so -lrt -lpthread -ljansson -ldl -lpthread
src/libdeshook.c:758:12: warning: ‘recv_msg_from_desd’ defined but not used [-Wunused-function]
  758 | static int recv_msg_from_desd(Message* resp_msg_out) {
      |            ^~~~~~~~~~~~~~~~~~
✓ Built libdeshook.so
[INFO] ✓ 编译完成

==========================================
 步骤2: 生成BIRD配置文件
==========================================
[INFO] ✓ R1配置已创建 (AS65001, 10.0.1.1, Core)
[INFO] ✓ R2配置已创建 (AS65002, 10.0.2.2, Core)
[INFO] ✓ R3配置已创建 (AS65003, 10.0.3.3, Core)
[INFO] ✓ R4配置已创建 (AS65004, 10.0.4.4, Core)
[INFO] ✓ R5配置已创建 (AS65005, 10.0.5.5, Core)
[INFO] ✓ R6配置已创建 (AS65006, 10.0.6.6, Core)
[INFO] ✓ R7配置已创建 (AS65007, 10.0.7.7, Core)
[INFO] ✓ R8配置已创建 (AS65008, 10.0.8.8, Core)
[INFO] ✓ R9配置已创建 (AS65009, 10.0.9.9, Core)
[INFO] ✓ R10配置已创建 (AS65010, 10.0.10.10, Core)
[INFO] ✓ R11配置已创建 (AS65011, 10.0.11.11, Core)
[INFO] ✓ R12配置已创建 (AS65012, 10.0.12.12, Core)
[INFO] ✓ R13配置已创建 (AS65013, 10.0.13.13, Core)
[INFO] ✓ R14配置已创建 (AS65014, 10.0.14.14, Core)
[INFO] ✓ R15配置已创建 (AS65015, 10.0.15.15, Core)
[INFO] ✓ R16配置已创建 (AS65016, 10.0.16.16, Core)
[INFO] ✓ R17配置已创建 (AS65017, 10.0.17.17, Agg)
[INFO] ✓ R18配置已创建 (AS65018, 10.0.18.18, Agg)
[INFO] ✓ R19配置已创建 (AS65019, 10.0.19.19, Agg)
[INFO] ✓ R20配置已创建 (AS65020, 10.0.20.20, Agg)
[INFO] ✓ R21配置已创建 (AS65021, 10.0.21.21, Agg)
[INFO] ✓ R22配置已创建 (AS65022, 10.0.22.22, Agg)
[INFO] ✓ R23配置已创建 (AS65023, 10.0.23.23, Agg)
[INFO] ✓ R24配置已创建 (AS65024, 10.0.24.24, Agg)
[INFO] ✓ R25配置已创建 (AS65025, 10.0.25.25, Agg)
[INFO] ✓ R26配置已创建 (AS65026, 10.0.26.26, Agg)
[INFO] ✓ R27配置已创建 (AS65027, 10.0.27.27, Agg)
[INFO] ✓ R28配置已创建 (AS65028, 10.0.28.28, Agg)
[INFO] ✓ R29配置已创建 (AS65029, 10.0.29.29, Agg)
[INFO] ✓ R30配置已创建 (AS65030, 10.0.30.30, Agg)
[INFO] ✓ R31配置已创建 (AS65031, 10.0.31.31, Agg)
[INFO] ✓ R32配置已创建 (AS65032, 10.0.32.32, Agg)
[INFO] ✓ R33配置已创建 (AS65033, 10.0.33.33, Agg)
[INFO] ✓ R34配置已创建 (AS65034, 10.0.34.34, Agg)
[INFO] ✓ R35配置已创建 (AS65035, 10.0.35.35, Agg)
[INFO] ✓ R36配置已创建 (AS65036, 10.0.36.36, Agg)
[INFO] ✓ R37配置已创建 (AS65037, 10.0.37.37, Agg)
[INFO] ✓ R38配置已创建 (AS65038, 10.0.38.38, Agg)
[INFO] ✓ R39配置已创建 (AS65039, 10.0.39.39, Agg)
[INFO] ✓ R40配置已创建 (AS65040, 10.0.40.40, Agg)
[INFO] ✓ R41配置已创建 (AS65041, 10.0.41.41, ToR)
[INFO] ✓ R42配置已创建 (AS65042, 10.0.42.42, ToR)
[INFO] ✓ R43配置已创建 (AS65043, 10.0.43.43, ToR)
[INFO] ✓ R44配置已创建 (AS65044, 10.0.44.44, ToR)
[INFO] ✓ R45配置已创建 (AS65045, 10.0.45.45, ToR)
[INFO] ✓ R46配置已创建 (AS65046, 10.0.46.46, ToR)
[INFO] ✓ R47配置已创建 (AS65047, 10.0.47.47, ToR)
[INFO] ✓ R48配置已创建 (AS65048, 10.0.48.48, ToR)
[INFO] ✓ R49配置已创建 (AS65049, 10.0.49.49, ToR)
[INFO] ✓ R50配置已创建 (AS65050, 10.0.50.50, ToR)
[INFO] ✓ R51配置已创建 (AS65051, 10.0.51.51, ToR)
[INFO] ✓ R52配置已创建 (AS65052, 10.0.52.52, ToR)
[INFO] ✓ R53配置已创建 (AS65053, 10.0.53.53, ToR)
[INFO] ✓ R54配置已创建 (AS65054, 10.0.54.54, ToR)
[INFO] ✓ R55配置已创建 (AS65055, 10.0.55.55, ToR)
[INFO] ✓ R56配置已创建 (AS65056, 10.0.56.56, ToR)
[INFO] ✓ R57配置已创建 (AS65057, 10.0.57.57, ToR)
[INFO] ✓ R58配置已创建 (AS65058, 10.0.58.58, ToR)
[INFO] ✓ R59配置已创建 (AS65059, 10.0.59.59, ToR)
[INFO] ✓ R60配置已创建 (AS65060, 10.0.60.60, ToR)
[INFO] ✓ R61配置已创建 (AS65061, 10.0.61.61, ToR)
[INFO] ✓ R62配置已创建 (AS65062, 10.0.62.62, ToR)
[INFO] ✓ R63配置已创建 (AS65063, 10.0.63.63, ToR)
[INFO] ✓ R64配置已创建 (AS65064, 10.0.64.64, ToR)

==========================================
 步骤3: 创建Docker网络
==========================================
2321fcbcc39b046eda631942583cfe90c0150180608840ae89a60427e49392ac
[INFO] ✓ Docker网络: bird_test_net (10.0.0.0/16)

==========================================
 步骤4: 创建并启动容器
==========================================
b87f86d2558dd630b5d8f00bb2a59bd1b7a3fc5fc93c8f61bacfb99f946bff05
[INFO] ✓ R1容器已创建 (10.0.1.1)
e1fbe3dfb7cb98cfb0e0e4bce0a2a021728a42b9ef44d538ce7d1b67e72d2823
[INFO] ✓ R2容器已创建 (10.0.2.2)
595b46f67fa0e19bb90a6a642282a28a8e2ed82fbe7b6084f4e3b5c38bd3bfc2
[INFO] ✓ R3容器已创建 (10.0.3.3)
692ecca2d819fa7f6c3da6c674c0196d73394d93bc5342dde8bb8c523e9a6ae3
[INFO] ✓ R4容器已创建 (10.0.4.4)
27cee80d1e32c38185476167e0e53598c5d17c6c65012927074d8d9581099b88
[INFO] ✓ R5容器已创建 (10.0.5.5)
c3b53111de44508dbd41ab5a512de6a4a8850bba727871a0bd62da5877c83fc8
[INFO] ✓ R6容器已创建 (10.0.6.6)
1c942919204b40e7e14ffb2a66cf1bfb6521cf812654addef4e7158b21cc9f46
[INFO] ✓ R7容器已创建 (10.0.7.7)
78df6d4d8b32cbf7b55d0b5a9b347403a7b3d06056f21a4ac82c2fc90d26a4f0
[INFO] ✓ R8容器已创建 (10.0.8.8)
2fa87813efbdf3f7666a6b6e63ae7b3a9d51874425d4e87a209ec077bed211ca
[INFO] ✓ R9容器已创建 (10.0.9.9)
cd8b3aa9a95619805136c89c52d38d8217722b48bd26bdcefd73015f242afc68
[INFO] ✓ R10容器已创建 (10.0.10.10)
406950c67e67b6bf20142c3a7e92f9d1b4312e4157c66b73eb108343b30fc53b
[INFO] ✓ R11容器已创建 (10.0.11.11)
e1ce1b90ac1a75fd8a8d047488ec18ef2796f8cb8473aa48100f65cd23024c1d
[INFO] ✓ R12容器已创建 (10.0.12.12)
53d6136bc20cb0d1a3cec30f00f1855eefb67a3a07a015a0de1eebff262c4303
[INFO] ✓ R13容器已创建 (10.0.13.13)
23c35508180fcc460fc88ee40b015ac0a38434b863a14339d9bcc319a10d64f1
[INFO] ✓ R14容器已创建 (10.0.14.14)
959f58dddddb6cb3b2d18f6f27336bce6015add4a745445ab9f2b4cb00d4a409
[INFO] ✓ R15容器已创建 (10.0.15.15)
228f77e4c9b5e88439e5d339af3f82534dc724f7d0dcaa8d457959b9c3209116
[INFO] ✓ R16容器已创建 (10.0.16.16)
f3040bc7872e86e2d84277ee7a29644cf4b3af43225fdb055947a1a68c5351c2
[INFO] ✓ R17容器已创建 (10.0.17.17)
f7949f973592a6019882e62a915d7facd9fc78e3e28e400205d4813d5adb3707
[INFO] ✓ R18容器已创建 (10.0.18.18)
3517e38f7c4481a23dd7e7e9c70e6a9a51c4b78eefffe6161fe93c573188172b
[INFO] ✓ R19容器已创建 (10.0.19.19)
dd75a28fc68b7469fe4a5fdf1da2755ba5ab98979821368e465b5c70a077e34f
[INFO] ✓ R20容器已创建 (10.0.20.20)
6bd370bfac430ba7508eff4a15c68a54672cf12077a61c0727a057b1661bb2f2
[INFO] ✓ R21容器已创建 (10.0.21.21)
fbc6a08d178f3f10fbf93ff0c214fcb1fb9504a2fff58e96bee3869289160515
[INFO] ✓ R22容器已创建 (10.0.22.22)
68e76816b646258dc428319e3f8995d2ba3f57bff29b9cfa7e404aa862a9aaf7
[INFO] ✓ R23容器已创建 (10.0.23.23)
a53dc9dff1b1a9160bc47771882b518af51bd18a5628b900745d824c3b505f91
[INFO] ✓ R24容器已创建 (10.0.24.24)
b0a6b2552aede80fd69610fe7c3e242ba637d70e5557c5db1fce4c72f3f6c1b2
[INFO] ✓ R25容器已创建 (10.0.25.25)
6dbd33d07dc9833d4ca4ee30401b5850028810433e519125d669764537b53c86
[INFO] ✓ R26容器已创建 (10.0.26.26)
fa24aa6f59254ed33d7a9b65fe5d1c0e29312db1b67e11858a4a0899b589d73d
[INFO] ✓ R27容器已创建 (10.0.27.27)
d250c42993c0da50784c5c323bff46b54ac0707d609cbd2b101255610a687c8e
[INFO] ✓ R28容器已创建 (10.0.28.28)
3631a48d8ff20f39cf8d020c2080c0f387fe3a4da6618516b2a617cd056d8714
[INFO] ✓ R29容器已创建 (10.0.29.29)
7bf6848217bb98d810cba496be8e11d9a51b6d92facb96cb512efa97d4de661f
[INFO] ✓ R30容器已创建 (10.0.30.30)
8039d6928a7929e583432e83a697fa63d1161b9fb535178ff56112ed5acf0f1b
[INFO] ✓ R31容器已创建 (10.0.31.31)
b234a6d93c8edba120658f0a89e5daa0768e25880b2a9fe9f03bf9e23437c2ac
[INFO] ✓ R32容器已创建 (10.0.32.32)
04292366e08ce2e715eed40f4ffc41a6b5305cc0ff6d372d35dae97416afc4f0
[INFO] ✓ R33容器已创建 (10.0.33.33)
d920d48784e535daf63edafdabfb3d440efd787eddc8387a4bd8d7b02e3653ee
[INFO] ✓ R34容器已创建 (10.0.34.34)
54f04c235d166a2a9ad9aa1b4c8dc58aecffc541a1c0b1724b6309dd31e89c7c
[INFO] ✓ R35容器已创建 (10.0.35.35)
02be4758bfe2f26369beb726bae87ae1e3d9fa2da98761afde4cc28bf95401a0
[INFO] ✓ R36容器已创建 (10.0.36.36)
64fa405e08516915efac830d2a60234420806802db3e07e1ba12ed0d3463da6e
[INFO] ✓ R37容器已创建 (10.0.37.37)
25e822a08f30e333aafada7536f1f6adae9ab635a611e5431a64f6291b9905c1
[INFO] ✓ R38容器已创建 (10.0.38.38)
62749b71b62fb5234f1c0ffc760574e6950c122fe818e7a260467f5475604489
[INFO] ✓ R39容器已创建 (10.0.39.39)
248c1a029fbf1f111580bc875f24046b7d5debba88fb266e5b11bc2ed9716afd
[INFO] ✓ R40容器已创建 (10.0.40.40)
f020c0a86c84549ffffd25835c2edf881dd07dc63161b118c3128f74887f089a
[INFO] ✓ R41容器已创建 (10.0.41.41)
37c3915c59685e01ebb18eebd7388fabb7661edd5f8dfdb86e9b609a6cd22bed
[INFO] ✓ R42容器已创建 (10.0.42.42)
a9f8c0ecc60237a22b6d8b3f17173611e361cf2c04a1f0f8a9fd143f5075e607
[INFO] ✓ R43容器已创建 (10.0.43.43)
0cf1ca9da768fe972c282dff44392b58660fe6e1c8985e2e243bf86f8d5c0402
[INFO] ✓ R44容器已创建 (10.0.44.44)
4ddafce61812cc7bab3b6d48c35356164cdc71e4389d52e0e02d7074f765cc60
[INFO] ✓ R45容器已创建 (10.0.45.45)
13d6873caf06840084c4797b8976beed298c8a1832dd0ae42fc643eceaff6a5b
[INFO] ✓ R46容器已创建 (10.0.46.46)
8026c6f9dc2b8291d06f2610e12a8c2b9460b045111ee51d6c77e7919cdb423d
[INFO] ✓ R47容器已创建 (10.0.47.47)
f4e83bdcd154e9f038d60e6f9c956875be4fc8cf8f4b3e51edcee63c6c40fd77
[INFO] ✓ R48容器已创建 (10.0.48.48)
6a27c49ddd56aa6daa0dc4c598371203fbb7f40857cb950dff1049921d35ac58
[INFO] ✓ R49容器已创建 (10.0.49.49)
fd540b8b56dbb1e9e2d2233a51281b4fbe8c0a1d80bf51ba6b82360fee777810
[INFO] ✓ R50容器已创建 (10.0.50.50)
027b7036b08b999d047f5ad61e824a19914042054da324f5e5cdbfb994d7b553
[INFO] ✓ R51容器已创建 (10.0.51.51)
822ba3d6ad283ac3093c1d1df6151690372c4268ac9cbf527220d6657d9a3391
[INFO] ✓ R52容器已创建 (10.0.52.52)
7cb3e87aea7a2691d86907f6a2732a1ff4d7a0e832b3f54190744fe3f71ad1d4
[INFO] ✓ R53容器已创建 (10.0.53.53)
c6004dd7885c7ac6a29461670db05f866a3cddadb363c1deea47767b115daf60
[INFO] ✓ R54容器已创建 (10.0.54.54)
bbda58a78432e244d7fc69064ca59424558f244ff8a2d82adbe0f30e812c53d5
[INFO] ✓ R55容器已创建 (10.0.55.55)
7a9b2de408effe8c4d858ec6a8c3bf2c16cf469d3ce7e806aca53c81c433b131
[INFO] ✓ R56容器已创建 (10.0.56.56)
47b153b4f012286d77b58fe80a69cdc86610773cc29f1ac1ff90ca039c3c132c
[INFO] ✓ R57容器已创建 (10.0.57.57)
321d3f71567765b4bb969d65881fa44f33eba7568e14a4914d2d875a1775985c
[INFO] ✓ R58容器已创建 (10.0.58.58)
194bde437ca8f65d7e939a881ce139463c9b76557e7c291c18b3167ea11346a8
[INFO] ✓ R59容器已创建 (10.0.59.59)
4df31e9911d5f7701a62f50a9b55918f6dc6cd4ffa4969224628097d41d56c82
[INFO] ✓ R60容器已创建 (10.0.60.60)
75ab8970128dfc2d63b6f8f8f45c8306f119b533906d3f96d144645e97f871a4
[INFO] ✓ R61容器已创建 (10.0.61.61)
47eef662a08ad4621e3ae8a558d0a7682fd97a357171808ef0be0ce5965d13f2
[INFO] ✓ R62容器已创建 (10.0.62.62)
85de2b17b378598acd572686553db1c91ff020f36f5f5f0d8ef0f51a1145ba61
[INFO] ✓ R63容器已创建 (10.0.63.63)
39b00f304bfa5beae5796dcb8440ee7a4b11a823e163809b0ade8b6a4afa1dcb
[INFO] ✓ R64容器已创建 (10.0.64.64)

==========================================
 步骤5: 验证UDS挂载
==========================================
[INFO] ✓ 所有容器都可以访问宿主机的/tmp

==========================================
 步骤6: 部署libdeshook.so
==========================================
[INFO] ✓ libdeshook.so已部署到所有容器

==========================================
 步骤6.5: 初始化 core dump 环境
==========================================
[INFO] ✓ 所有容器已启用 core dump（core 文件写入宿主机 /tmp）

==========================================
 步骤7: 启动desd
==========================================
[INFO] desd已启动，PID: 987554，等待 64 个路由器
[INFO] desd socket 已创建 (尝试 2/20)
[INFO] ✓ desd运行中，socket权限已设置

==========================================
 步骤8: 并行启动所有BIRD进程（使用FIFO队列匹配）
==========================================
[INFO] 并行启动 64 个BIRD进程...
[INFO] strace 已禁用，直接启动 BIRD

==========================================
 步骤9: 等待仿真运行 (100s wall-clock)
==========================================

==========================================
 步骤11: 收集最终日志
==========================================

[INFO] 日志已收集到 results/des/fat-tree-k8-64_n64_20260403_161940/logs

==========================================
 步骤12: 分析测试结果
==========================================


[1m============================================================[0m
[1m BGP 日志分析报告 (时间模式: VT)[0m
[1m============================================================[0m

[1m============================================================[0m
[1m 1. DESD 状态检查[0m
[1m============================================================[0m
[91m✗ DESD 日志中未找到退出信息，可能仍在运行或异常终止[0m

[1m============================================================[0m
[1m 2. BGP 会话状态检查[0m
[1m============================================================[0m
[94mℹ 拓扑模式: fat-tree-k8-64[0m

[1mR1 (results/des/fat-tree-k8-64_n64_20260403_161940/logs/bird_r1.log):[0m
[92m✓ 已建立会话: r17, r21, r25, r29, r33, r37[0m

[1mR2 (results/des/fat-tree-k8-64_n64_20260403_161940/logs/bird_r2.log):[0m
[92m✓ 已建立会话: r17, r21, r25, r29, r33, r37[0m

[1mR3 (results/des/fat-tree-k8-64_n64_20260403_161940/logs/bird_r3.log):[0m
[92m✓ 已建立会话: r17, r21, r25, r29, r33, r37[0m

[1mR4 (results/des/fat-tree-k8-64_n64_20260403_161940/logs/bird_r4.log):[0m
[92m✓ 已建立会话: r17, r21, r25, r29, r33, r37[0m

[1mR5 (results/des/fat-tree-k8-64_n64_20260403_161940/logs/bird_r5.log):[0m
[92m✓ 已建立会话: r18, r22, r26, r30, r34, r38[0m

[1mR6 (results/des/fat-tree-k8-64_n64_20260403_161940/logs/bird_r6.log):[0m
[92m✓ 已建立会话: r18, r22, r26, r30, r34, r38[0m

[1mR7 (results/des/fat-tree-k8-64_n64_20260403_161940/logs/bird_r7.log):[0m
[92m✓ 已建立会话: r18, r22, r26, r30, r34, r38[0m

[1mR8 (results/des/fat-tree-k8-64_n64_20260403_161940/logs/bird_r8.log):[0m
[92m✓ 已建立会话: r18, r22, r26, r30, r34, r38[0m

[1mR9 (results/des/fat-tree-k8-64_n64_20260403_161940/logs/bird_r9.log):[0m
[92m✓ 已建立会话: r19, r23, r27, r31, r35, r39[0m

[1mR10 (results/des/fat-tree-k8-64_n64_20260403_161940/logs/bird_r10.log):[0m
[92m✓ 已建立会话: r19, r23, r27, r31, r35, r39[0m

[1mR11 (results/des/fat-tree-k8-64_n64_20260403_161940/logs/bird_r11.log):[0m
[92m✓ 已建立会话: r19, r23, r27, r31, r35, r39[0m

[1mR12 (results/des/fat-tree-k8-64_n64_20260403_161940/logs/bird_r12.log):[0m
[92m✓ 已建立会话: r19, r23, r27, r31, r35, r39[0m

[1mR13 (results/des/fat-tree-k8-64_n64_20260403_161940/logs/bird_r13.log):[0m
[92m✓ 已建立会话: r20, r24, r28, r32, r36, r40[0m

[1mR14 (results/des/fat-tree-k8-64_n64_20260403_161940/logs/bird_r14.log):[0m
[92m✓ 已建立会话: r20, r24, r28, r32, r36, r40[0m

[1mR15 (results/des/fat-tree-k8-64_n64_20260403_161940/logs/bird_r15.log):[0m
[92m✓ 已建立会话: r20, r24, r28, r32, r36, r40[0m

[1mR16 (results/des/fat-tree-k8-64_n64_20260403_161940/logs/bird_r16.log):[0m
[92m✓ 已建立会话: r20, r24, r28, r32, r36, r40[0m

[1mR17 (results/des/fat-tree-k8-64_n64_20260403_161940/logs/bird_r17.log):[0m
[92m✓ 已建立会话: r1, r2, r3, r4, r41, r42, r43, r44[0m

[1mR18 (results/des/fat-tree-k8-64_n64_20260403_161940/logs/bird_r18.log):[0m
[92m✓ 已建立会话: r41, r42, r43, r44, r5, r6, r7, r8[0m

[1mR19 (results/des/fat-tree-k8-64_n64_20260403_161940/logs/bird_r19.log):[0m
[92m✓ 已建立会话: r10, r11, r12, r41, r42, r43, r44, r9[0m

[1mR20 (results/des/fat-tree-k8-64_n64_20260403_161940/logs/bird_r20.log):[0m
[92m✓ 已建立会话: r13, r14, r15, r16, r41, r42, r43, r44[0m

[1mR21 (results/des/fat-tree-k8-64_n64_20260403_161940/logs/bird_r21.log):[0m
[92m✓ 已建立会话: r1, r2, r3, r4, r45, r46, r47, r48[0m

[1mR22 (results/des/fat-tree-k8-64_n64_20260403_161940/logs/bird_r22.log):[0m
[92m✓ 已建立会话: r45, r46, r47, r48, r5, r6, r7, r8[0m

[1mR23 (results/des/fat-tree-k8-64_n64_20260403_161940/logs/bird_r23.log):[0m
[92m✓ 已建立会话: r10, r11, r12, r45, r46, r47, r48, r9[0m

[1mR24 (results/des/fat-tree-k8-64_n64_20260403_161940/logs/bird_r24.log):[0m
[92m✓ 已建立会话: r13, r14, r15, r16, r45, r46, r47, r48[0m

[1mR25 (results/des/fat-tree-k8-64_n64_20260403_161940/logs/bird_r25.log):[0m
[92m✓ 已建立会话: r1, r2, r3, r4, r49, r50, r51, r52[0m

[1mR26 (results/des/fat-tree-k8-64_n64_20260403_161940/logs/bird_r26.log):[0m
[92m✓ 已建立会话: r49, r5, r50, r51, r52, r6, r7, r8[0m

[1mR27 (results/des/fat-tree-k8-64_n64_20260403_161940/logs/bird_r27.log):[0m
[92m✓ 已建立会话: r10, r11, r12, r49, r50, r51, r52, r9[0m

[1mR28 (results/des/fat-tree-k8-64_n64_20260403_161940/logs/bird_r28.log):[0m
[92m✓ 已建立会话: r13, r14, r15, r16, r49, r50, r51, r52[0m

[1mR29 (results/des/fat-tree-k8-64_n64_20260403_161940/logs/bird_r29.log):[0m
[92m✓ 已建立会话: r1, r2, r3, r4, r53, r54, r55, r56[0m

[1mR30 (results/des/fat-tree-k8-64_n64_20260403_161940/logs/bird_r30.log):[0m
[92m✓ 已建立会话: r5, r53, r54, r55, r56, r6, r7, r8[0m

[1mR31 (results/des/fat-tree-k8-64_n64_20260403_161940/logs/bird_r31.log):[0m
[92m✓ 已建立会话: r10, r11, r12, r53, r54, r55, r56, r9[0m

[1mR32 (results/des/fat-tree-k8-64_n64_20260403_161940/logs/bird_r32.log):[0m
[92m✓ 已建立会话: r13, r14, r15, r16, r53, r54, r55, r56[0m

[1mR33 (results/des/fat-tree-k8-64_n64_20260403_161940/logs/bird_r33.log):[0m
[92m✓ 已建立会话: r1, r2, r3, r4, r57, r58, r59, r60[0m

[1mR34 (results/des/fat-tree-k8-64_n64_20260403_161940/logs/bird_r34.log):[0m
[92m✓ 已建立会话: r5, r57, r58, r59, r6, r60, r7, r8[0m

[1mR35 (results/des/fat-tree-k8-64_n64_20260403_161940/logs/bird_r35.log):[0m
[92m✓ 已建立会话: r10, r11, r12, r57, r58, r59, r60, r9[0m

[1mR36 (results/des/fat-tree-k8-64_n64_20260403_161940/logs/bird_r36.log):[0m
[92m✓ 已建立会话: r13, r14, r15, r16, r57, r58, r59, r60[0m

[1mR37 (results/des/fat-tree-k8-64_n64_20260403_161940/logs/bird_r37.log):[0m
[92m✓ 已建立会话: r1, r2, r3, r4, r61, r62, r63, r64[0m

[1mR38 (results/des/fat-tree-k8-64_n64_20260403_161940/logs/bird_r38.log):[0m
[92m✓ 已建立会话: r5, r6, r61, r62, r63, r64, r7, r8[0m

[1mR39 (results/des/fat-tree-k8-64_n64_20260403_161940/logs/bird_r39.log):[0m
[92m✓ 已建立会话: r10, r11, r12, r61, r62, r63, r64, r9[0m

[1mR40 (results/des/fat-tree-k8-64_n64_20260403_161940/logs/bird_r40.log):[0m
[92m✓ 已建立会话: r13, r14, r15, r16, r61, r62, r63, r64[0m

[1mR41 (results/des/fat-tree-k8-64_n64_20260403_161940/logs/bird_r41.log):[0m
[92m✓ 已建立会话: r17, r18, r19, r20[0m

[1mR42 (results/des/fat-tree-k8-64_n64_20260403_161940/logs/bird_r42.log):[0m
[92m✓ 已建立会话: r17, r18, r19, r20[0m

[1mR43 (results/des/fat-tree-k8-64_n64_20260403_161940/logs/bird_r43.log):[0m
[92m✓ 已建立会话: r17, r18, r19, r20[0m

[1mR44 (results/des/fat-tree-k8-64_n64_20260403_161940/logs/bird_r44.log):[0m
[92m✓ 已建立会话: r17, r18, r19, r20[0m

[1mR45 (results/des/fat-tree-k8-64_n64_20260403_161940/logs/bird_r45.log):[0m
[92m✓ 已建立会话: r21, r22, r23, r24[0m

[1mR46 (results/des/fat-tree-k8-64_n64_20260403_161940/logs/bird_r46.log):[0m
[92m✓ 已建立会话: r21, r22, r23, r24[0m

[1mR47 (results/des/fat-tree-k8-64_n64_20260403_161940/logs/bird_r47.log):[0m
[92m✓ 已建立会话: r21, r22, r23, r24[0m

[1mR48 (results/des/fat-tree-k8-64_n64_20260403_161940/logs/bird_r48.log):[0m
[92m✓ 已建立会话: r21, r22, r23, r24[0m

[1mR49 (results/des/fat-tree-k8-64_n64_20260403_161940/logs/bird_r49.log):[0m
[92m✓ 已建立会话: r25, r26, r27, r28[0m

[1mR50 (results/des/fat-tree-k8-64_n64_20260403_161940/logs/bird_r50.log):[0m
[92m✓ 已建立会话: r25, r26, r27, r28[0m

[1mR51 (results/des/fat-tree-k8-64_n64_20260403_161940/logs/bird_r51.log):[0m
[92m✓ 已建立会话: r25, r26, r27, r28[0m

[1mR52 (results/des/fat-tree-k8-64_n64_20260403_161940/logs/bird_r52.log):[0m
[92m✓ 已建立会话: r25, r26, r27, r28[0m

[1mR53 (results/des/fat-tree-k8-64_n64_20260403_161940/logs/bird_r53.log):[0m
[92m✓ 已建立会话: r29, r30, r31, r32[0m

[1mR54 (results/des/fat-tree-k8-64_n64_20260403_161940/logs/bird_r54.log):[0m
[92m✓ 已建立会话: r29, r30, r31, r32[0m

[1mR55 (results/des/fat-tree-k8-64_n64_20260403_161940/logs/bird_r55.log):[0m
[92m✓ 已建立会话: r29, r30, r31, r32[0m

[1mR56 (results/des/fat-tree-k8-64_n64_20260403_161940/logs/bird_r56.log):[0m
[92m✓ 已建立会话: r29, r30, r31, r32[0m

[1mR57 (results/des/fat-tree-k8-64_n64_20260403_161940/logs/bird_r57.log):[0m
[92m✓ 已建立会话: r33, r34, r35, r36[0m

[1mR58 (results/des/fat-tree-k8-64_n64_20260403_161940/logs/bird_r58.log):[0m
[92m✓ 已建立会话: r33, r34, r35, r36[0m

[1mR59 (results/des/fat-tree-k8-64_n64_20260403_161940/logs/bird_r59.log):[0m
[92m✓ 已建立会话: r33, r34, r35, r36[0m

[1mR60 (results/des/fat-tree-k8-64_n64_20260403_161940/logs/bird_r60.log):[0m
[92m✓ 已建立会话: r33, r34, r35, r36[0m

[1mR61 (results/des/fat-tree-k8-64_n64_20260403_161940/logs/bird_r61.log):[0m
[92m✓ 已建立会话: r37, r38, r39, r40[0m

[1mR62 (results/des/fat-tree-k8-64_n64_20260403_161940/logs/bird_r62.log):[0m
[92m✓ 已建立会话: r37, r38, r39, r40[0m

[1mR63 (results/des/fat-tree-k8-64_n64_20260403_161940/logs/bird_r63.log):[0m
[92m✓ 已建立会话: r37, r38, r39, r40[0m

[1mR64 (results/des/fat-tree-k8-64_n64_20260403_161940/logs/bird_r64.log):[0m
[92m✓ 已建立会话: r37, r38, r39, r40[0m

[1m============================================================[0m
[1m 3. 测试结果总结[0m
[1m============================================================[0m

[1m会话统计 (Fat-Tree k=8 (non-standard, 6 pods)):[0m
  期望会话数: 384
  成功建立数: 384
  从未建立数: 0
  异常断开数: 0 (最终状态为 down)
  抖动会话数: 0 (>= 3 次 close/down)

[1m收敛时间 (基于 VT 标签):[0m
  T_session (最后一个会话建立): [92m5.023s VT[0m
  带时间戳的会话数: 384/384

[1m路由收敛时间 (基于 VT 标签):[0m
  T_route_rib (最后一次 best 路由变更): [92m5.074s VT[0m
  检测到的 [best] 路由变更数: 7380
  T_update_quiescence (最后一次路由更新): [92m5.094s VT[0m
  检测到的路由更新事件数: 56714

[1m最终判定:[0m

[91m[1m============================================================[0m
[91m[1m ✗ FAIL: 检测到以下问题[0m
[91m[1m============================================================[0m
[91m  - DESD: DESD 日志中未找到退出信息，可能仍在运行或异常终止[0m


==========================================
 清理环境
==========================================
r1
r2
r3
r4
r5
r6
r7
r8
r9
r10
r11
r12
r13
r14
r15
r16
r17
r18
r19
r20
r21
r22
r23
r24
r25
r26
r27
r28
r29
r30
r31
r32
r33
r34
r35
r36
r37
r38
r39
r40
r41
r42
r43
r44
r45
r46
r47
r48
r49
r50
r51
r52
r53
r54
r55
r56
r57
r58
r59
r60
r61
r62
r63
r64
r1
r2
r3
r4
r5
r6
r7
r8
r9
r10
r11
r12
r13
r14
r15
r16
r17
r18
r19
r20
r21
r22
r23
r24
r25
r26
r27
r28
r29
r30
r31
r32
r33
r34
r35
r36
r37
r38
r39
r40
r41
r42
r43
r44
r45
r46
r47
r48
r49
r50
r51
r52
r53
r54
r55
r56
r57
r58
r59
r60
r61
r62
r63
r64
[INFO] 容器已清理
[INFO] desd已停止
bird_test_net
[INFO] Docker网络已清理
