==========================================
Container-Only BGP Convergence Test
==========================================
Routers: 20
Test Duration: 180s
Topology: fat-tree-k4
CPU Pinning: 1
BIRD Image: bird:latest
Result Dir: results/container_only/with_pinning/fat-tree-k4_n20_20260309_204217
==========================================

==========================================
 步骤 1: 记录实验元数据
==========================================
[INFO] 元数据已记录到 results/container_only/with_pinning/fat-tree-k4_n20_20260309_204217/meta/

==========================================
 步骤 2: 生成 BIRD 配置文件
==========================================
[INFO] ✓ 配置文件已生成并存档

==========================================
 步骤 3: 创建 Docker 网络
==========================================
0cf93c421e51dbc87ec6e5834b213993e18a7dcdc5b2d32f54fea6fe24e5234e
[INFO] ✓ Docker 网络: bird_test_net (10.0.0.0/16)

==========================================
 步骤 4: 创建容器（等待模式，不启动 BIRD）
==========================================
511e4f184f873f521452798db56b21b178672aa7be1f643add82bed5229e3d41
[INFO] ✓ R1 容器已创建 (10.0.1.1)
e9f3c0d4052e2c23491cb3a18a230883005e01d151e3a380ab1a03751c12a679
[INFO] ✓ R2 容器已创建 (10.0.2.2)
76e220643e3c1bee26c7e35a9e14b92c20df7684e58058365c904ac6672132d1
[INFO] ✓ R3 容器已创建 (10.0.3.3)
6cad4eb86842f88272f45c7d957b0ff324dd3a6d923fbd5a785ccfe163feb0e8
[INFO] ✓ R4 容器已创建 (10.0.4.4)
6a478a841a5ee12b5aa82d388b3a602ab675ce2df7a23691ed00676163042be3
[INFO] ✓ R5 容器已创建 (10.0.5.5)
adf11f402283f7a96542f8e49cd70012ff912face841a96e1b51cd641441cf3e
[INFO] ✓ R6 容器已创建 (10.0.6.6)
9fb725bff77ee1cedbdaa598ab889cb52bc2e9a6eb60a4522f9f4871c16cc005
[INFO] ✓ R7 容器已创建 (10.0.7.7)
efda65a0382baaca920f8c9c1885f6ed05a271c71c56adc5b3ef64bd16e2e8a9
[INFO] ✓ R8 容器已创建 (10.0.8.8)
e24558a7734cb319cea24b9e5b6e6b07748af51decbe799d237753c5382a00a5
[INFO] ✓ R9 容器已创建 (10.0.9.9)
d6ba4a8be8106610738f2b300de3d783706672aae89081255619d054557a4dc2
[INFO] ✓ R10 容器已创建 (10.0.10.10)
20e42ee21ff763a2211e4d8ec39c9afc8dddd92be6a65f5d058401af20cdc631
[INFO] ✓ R11 容器已创建 (10.0.11.11)
fa6ccf688657745d188f9f320dbe4bd6b756a411398be40dcb3739019ef75686
[INFO] ✓ R12 容器已创建 (10.0.12.12)
3183d6425b938f16e433eb171b04aa253c119d64de119ca9dc64511d84a9ca82
[INFO] ✓ R13 容器已创建 (10.0.13.13)
93ec43758aa1a685c561590de08fe7d6f4986529d6791b87da912de7726217f0
[INFO] ✓ R14 容器已创建 (10.0.14.14)
af04bf10a99fb4ef7341642b738011213eaa0a4467c3438239c9c94d707c2d0a
[INFO] ✓ R15 容器已创建 (10.0.15.15)
37e889efe671fe1406817588cf53957741a54f6813644ab0b2660bfb7f3f91c4
[INFO] ✓ R16 容器已创建 (10.0.16.16)
b305c01f9fa386d0a4ba05d31340004e56caa2d27940824c2d9aadcf81e94196
[INFO] ✓ R17 容器已创建 (10.0.17.17)
63bb32962041eab521a1da21c89f4aab58a6f2046e66d82cd7e37a18326842cf
[INFO] ✓ R18 容器已创建 (10.0.18.18)
946192cea535cebfa986ee535f915cbd139c6def4b8883418851d8f5912262d8
[INFO] ✓ R19 容器已创建 (10.0.19.19)
37727951d5207397e8926484cc759976fa52798f6a375a781161057f097c644b
[INFO] ✓ R20 容器已创建 (10.0.20.20)
[INFO] t0 = 1773060142.723216340 (已记录)

==========================================
 步骤 6: 等待收敛 (180s)
==========================================

==========================================
 步骤 7: 收集日志
==========================================
[INFO] ✓ 日志已收集到 results/container_only/with_pinning/fat-tree-k4_n20_20260309_204217/logs/

==========================================
 步骤 8: 分析结果
==========================================
[94mℹ 已加载 t0 = 1773060142.723216 (from results/container_only/with_pinning/fat-tree-k4_n20_20260309_204217/meta/t0_epoch.txt)[0m

[1m============================================================[0m
[1m BGP 日志分析报告 (时间模式: wall-clock)[0m
[1m============================================================[0m

[1m============================================================[0m
[1m 1. 容器-only 模式 (无 DESD)[0m
[1m============================================================[0m
[94mℹ 跳过 DESD 日志检查（wallclock 模式）[0m

[1m============================================================[0m
[1m 2. BGP 会话状态检查[0m
[1m============================================================[0m
[94mℹ 拓扑模式: fat-tree-k4[0m

[1mR1 (results/container_only/with_pinning/fat-tree-k4_n20_20260309_204217/logs/bird_r1.log):[0m
[92m✓ 已建立会话: r11, r5, r7, r9[0m

[1mR2 (results/container_only/with_pinning/fat-tree-k4_n20_20260309_204217/logs/bird_r2.log):[0m
[92m✓ 已建立会话: r11, r5, r7, r9[0m

[1mR3 (results/container_only/with_pinning/fat-tree-k4_n20_20260309_204217/logs/bird_r3.log):[0m
[92m✓ 已建立会话: r10, r12, r6, r8[0m

[1mR4 (results/container_only/with_pinning/fat-tree-k4_n20_20260309_204217/logs/bird_r4.log):[0m
[92m✓ 已建立会话: r10, r12, r6, r8[0m

[1mR5 (results/container_only/with_pinning/fat-tree-k4_n20_20260309_204217/logs/bird_r5.log):[0m
[92m✓ 已建立会话: r1, r13, r14, r2[0m

[1mR6 (results/container_only/with_pinning/fat-tree-k4_n20_20260309_204217/logs/bird_r6.log):[0m
[92m✓ 已建立会话: r13, r14, r3, r4[0m

[1mR7 (results/container_only/with_pinning/fat-tree-k4_n20_20260309_204217/logs/bird_r7.log):[0m
[92m✓ 已建立会话: r1, r15, r16, r2[0m

[1mR8 (results/container_only/with_pinning/fat-tree-k4_n20_20260309_204217/logs/bird_r8.log):[0m
[92m✓ 已建立会话: r15, r16, r3, r4[0m

[1mR9 (results/container_only/with_pinning/fat-tree-k4_n20_20260309_204217/logs/bird_r9.log):[0m
[92m✓ 已建立会话: r1, r17, r18, r2[0m

[1mR10 (results/container_only/with_pinning/fat-tree-k4_n20_20260309_204217/logs/bird_r10.log):[0m
[92m✓ 已建立会话: r17, r18, r3, r4[0m

[1mR11 (results/container_only/with_pinning/fat-tree-k4_n20_20260309_204217/logs/bird_r11.log):[0m
[92m✓ 已建立会话: r1, r19, r2, r20[0m

[1mR12 (results/container_only/with_pinning/fat-tree-k4_n20_20260309_204217/logs/bird_r12.log):[0m
[92m✓ 已建立会话: r19, r20, r3, r4[0m

[1mR13 (results/container_only/with_pinning/fat-tree-k4_n20_20260309_204217/logs/bird_r13.log):[0m
[92m✓ 已建立会话: r5, r6[0m

[1mR14 (results/container_only/with_pinning/fat-tree-k4_n20_20260309_204217/logs/bird_r14.log):[0m
[92m✓ 已建立会话: r5, r6[0m

[1mR15 (results/container_only/with_pinning/fat-tree-k4_n20_20260309_204217/logs/bird_r15.log):[0m
[92m✓ 已建立会话: r7, r8[0m

[1mR16 (results/container_only/with_pinning/fat-tree-k4_n20_20260309_204217/logs/bird_r16.log):[0m
[92m✓ 已建立会话: r7, r8[0m

[1mR17 (results/container_only/with_pinning/fat-tree-k4_n20_20260309_204217/logs/bird_r17.log):[0m
[92m✓ 已建立会话: r10, r9[0m

[1mR18 (results/container_only/with_pinning/fat-tree-k4_n20_20260309_204217/logs/bird_r18.log):[0m
[92m✓ 已建立会话: r10, r9[0m

[1mR19 (results/container_only/with_pinning/fat-tree-k4_n20_20260309_204217/logs/bird_r19.log):[0m
[92m✓ 已建立会话: r11, r12[0m

[1mR20 (results/container_only/with_pinning/fat-tree-k4_n20_20260309_204217/logs/bird_r20.log):[0m
[92m✓ 已建立会话: r11, r12[0m

[1m============================================================[0m
[1m 3. 测试结果总结[0m
[1m============================================================[0m

[1m会话统计 (Fat-Tree k=4):[0m
  期望会话数: 64
  成功建立数: 64
  从未建立数: 0
  异常断开数: 0 (最终状态为 down)
  抖动会话数: 0 (>= 3 次 close/down)

[1m收敛时间 (基于 wall-clock):[0m
  T_session (最后一个会话建立): [92m4.908s[0m
  带时间戳的会话数: 64/64

[1m路由收敛时间 (基于 wall-clock):[0m
  T_route_rib (最后一次 best 路由变更): [92m4.914s[0m
  检测到的 [best] 路由变更数: 364
  T_update_quiescence (最后一次路由更新): [92m4.954s[0m
  检测到的路由更新事件数: 1734

[1m最终判定:[0m

[92m[1m============================================================[0m
[92m[1m ✓ PASS: 所有 BGP 会话在容器-only期间保持健康[0m
[92m[1m============================================================[0m


==========================================
 实验完成
==========================================

结果目录: results/container_only/with_pinning/fat-tree-k4_n20_20260309_204217
  - logs/     : BIRD 日志（带 docker 时间戳）
  - configs/  : BIRD 配置文件
  - meta/     : 元数据（t0、环境、宿主机信息）

🎉 实验成功！

==========================================
 清理环境
==========================================
r1
r2
r3
r4
r5
r6
r7
r8
r9
r10
r11
r12
r13
r14
r15
r16
r17
r18
r19
r20
r1
r2
r3
r4
r5
r6
r7
r8
r9
r10
r11
r12
r13
r14
r15
r16
r17
r18
r19
r20
bird_test_net
[INFO] 环境已清理
