==========================================
Container-Only BGP Convergence Test
==========================================
Routers: 20
Test Duration: 180s
Topology: fat-tree-k4
CPU Pinning: 1
BIRD Image: bird:latest
Result Dir: results/container_only/with_pinning/fat-tree-k4_n20_20260309_200056
==========================================

==========================================
 步骤 1: 记录实验元数据
==========================================
[INFO] 元数据已记录到 results/container_only/with_pinning/fat-tree-k4_n20_20260309_200056/meta/

==========================================
 步骤 2: 生成 BIRD 配置文件
==========================================
[INFO] ✓ 配置文件已生成并存档

==========================================
 步骤 3: 创建 Docker 网络
==========================================
ea6d9540430433bfc31b8d4a3cd8d9320dfa1b83206e4d666286198c0c3f73d6
[INFO] ✓ Docker 网络: bird_test_net (10.0.0.0/16)

==========================================
 步骤 4: 创建容器（等待模式，不启动 BIRD）
==========================================
1aa66f1cfbc298b7a0efe98ded564ca6360f746775407a0738090c36b5a6f29a
[INFO] ✓ R1 容器已创建 (10.0.1.1)
5ee06c033367cc4acb5a46135d54b3db0ee3b313e0f8916341b7b06e725cb99e
[INFO] ✓ R2 容器已创建 (10.0.2.2)
3908c5cc6f746634d6fc5a3f9cd8a07375b2d5f88b29f253f7bb87b5320d3a26
[INFO] ✓ R3 容器已创建 (10.0.3.3)
ce1cf37101a5f9d49f53f0623195c622c6393a4034d7fb8693c008c11292aa34
[INFO] ✓ R4 容器已创建 (10.0.4.4)
28aaf6628a79a11e2afdacbb18bb1ec9622384234089882f9aecddc2527ab083
[INFO] ✓ R5 容器已创建 (10.0.5.5)
37485308ffb6ce8a62d3dcf2687c43f5dff6a37499fcdba42b2cddd617613034
[INFO] ✓ R6 容器已创建 (10.0.6.6)
d3ad52f90dfd6cf7334717e0f910e76cb9e214475466e73b751b00744d4bc3a1
[INFO] ✓ R7 容器已创建 (10.0.7.7)
25b7b5857cfda1b55c3a3e82cfd2ca227450092a7719cbe6c3fde25e25843571
[INFO] ✓ R8 容器已创建 (10.0.8.8)
294fe0e2d5d44cda3f56fdc945bef73ff5597dd94235894f6bacab9e7c3ec550
[INFO] ✓ R9 容器已创建 (10.0.9.9)
c367b83238c3f65524d51fe4e0d650e0026cbd0ff1523f39418bbefefdfc87fe
[INFO] ✓ R10 容器已创建 (10.0.10.10)
1829a89b3d3b134a71ed002556e48dc37ad1b798f662001db09e376bf5f105ef
[INFO] ✓ R11 容器已创建 (10.0.11.11)
ad47b91816182134e30c4906317b7c30fe693f746277b011acfae54cd9865127
[INFO] ✓ R12 容器已创建 (10.0.12.12)
fc7102e39e50130dd721882090e7e26b2a743fef5aea8793c8844a2a58d4fdc2
[INFO] ✓ R13 容器已创建 (10.0.13.13)
9313a5daa3c1fd3298002d35f9e3db2e75d329f761f095e477599c4edd60313f
[INFO] ✓ R14 容器已创建 (10.0.14.14)
0789c6b43e47640853077a6d802950f0df29f1f632aa614cbd34c0f93eb5f504
[INFO] ✓ R15 容器已创建 (10.0.15.15)
b5c48f3171a423a21392678146d54ec2777c923e74ad172528d65fb42327def5
[INFO] ✓ R16 容器已创建 (10.0.16.16)
10241ec9a9e46325b2c9f3f909e677b07b7434eae07ab2c6a5f8e0b74f1a8301
[INFO] ✓ R17 容器已创建 (10.0.17.17)
88efa4403eca0e04e7ea8ca762284c09fbc608d489deca9676fe0ec94ba7fd85
[INFO] ✓ R18 容器已创建 (10.0.18.18)
3f5fcd2fb003ea850d203ce97faf351d2f40a704a282d6c1d07bf2addfd687f6
[INFO] ✓ R19 容器已创建 (10.0.19.19)
d052f355f89d8b971a6c490ce9e545dea8182e8859ae6ab6ba41f111a75cc5b4
[INFO] ✓ R20 容器已创建 (10.0.20.20)
[INFO] t0 = 1773057661.002786072 (已记录)

==========================================
 步骤 6: 等待收敛 (180s)
==========================================

==========================================
 步骤 7: 收集日志
==========================================
[INFO] ✓ 日志已收集到 results/container_only/with_pinning/fat-tree-k4_n20_20260309_200056/logs/

==========================================
 步骤 8: 分析结果
==========================================
错误: 不支持的拓扑模式: fat-tree-k4 (期望: full-mesh, ring, fat-tree-k6 或 fat-tree-k8-64)

==========================================
 清理环境
==========================================
r1
r2
r3
r4
r5
r6
r7
r8
r9
r10
r11
r12
r13
r14
r15
r16
r17
r18
r19
r20
r1
r2
r3
r4
r5
r6
r7
r8
r9
r10
r11
r12
r13
r14
r15
r16
r17
r18
r19
r20
bird_test_net
[INFO] 环境已清理
